Archive member included to satisfy reference by file (symbol)

c:/program files (x86)/atmel/studio/7.0/toolchain/avr8/avr8-gnu-toolchain/bin/../lib/gcc/avr/5.4.0/avr51\libgcc.a(_exit.o)
                              C:/Program Files (x86)/Atmel/Studio/7.0/Packs/atmel/ATmega_DFP/1.7.374/gcc/dev/atmega128a/avr51/crtatmega128a.o (exit)
c:/program files (x86)/atmel/studio/7.0/toolchain/avr8/avr8-gnu-toolchain/bin/../lib/gcc/avr/5.4.0/avr51\libgcc.a(_copy_data.o)
                              driver/FND/FND.o (__do_copy_data)
c:/program files (x86)/atmel/studio/7.0/toolchain/avr8/avr8-gnu-toolchain/bin/../lib/gcc/avr/5.4.0/avr51\libgcc.a(_clear_bss.o)
                              common/TimeTick/TimeTick.o (__do_clear_bss)
c:/program files (x86)/atmel/studio/7.0/toolchain/avr8/avr8-gnu-toolchain/bin/../lib/gcc/avr/5.4.0/avr51\libgcc.a(_umulhisi3.o)
                              driver/FND/FND.o (__umulhisi3)

Discarded input sections

 .data          0x00000000        0x0 C:/Program Files (x86)/Atmel/Studio/7.0/Packs/atmel/ATmega_DFP/1.7.374/gcc/dev/atmega128a/avr51/crtatmega128a.o
 .bss           0x00000000        0x0 C:/Program Files (x86)/Atmel/Studio/7.0/Packs/atmel/ATmega_DFP/1.7.374/gcc/dev/atmega128a/avr51/crtatmega128a.o
 .text          0x00000000        0x0 ap/stopwatch.o
 .data          0x00000000        0x0 ap/stopwatch.o
 .bss           0x00000000        0x0 ap/stopwatch.o
 .debug_line    0x00000000        0x0 ap/stopwatch.o
 .debug_str     0x00000000       0xf9 ap/stopwatch.o
 .comment       0x00000000       0x31 ap/stopwatch.o
 .text          0x00000000        0x0 common/TimeTick/TimeTick.o
 .data          0x00000000        0x0 common/TimeTick/TimeTick.o
 .bss           0x00000000        0x0 common/TimeTick/TimeTick.o
 .text.clearTick
                0x00000000       0x12 common/TimeTick/TimeTick.o
 .text          0x00000000        0x0 driver/Button/Button.o
 .data          0x00000000        0x0 driver/Button/Button.o
 .bss           0x00000000        0x0 driver/Button/Button.o
 .text          0x00000000        0x0 driver/FND/FND.o
 .data          0x00000000        0x0 driver/FND/FND.o
 .bss           0x00000000        0x0 driver/FND/FND.o
 .text          0x00000000        0x0 main.o
 .data          0x00000000        0x0 main.o
 .bss           0x00000000        0x0 main.o
 .text          0x00000000        0x0 peripheral/GPIO/GPIO.o
 .data          0x00000000        0x0 peripheral/GPIO/GPIO.o
 .bss           0x00000000        0x0 peripheral/GPIO/GPIO.o
 .text.Gpio_initPort
                0x00000000       0x12 peripheral/GPIO/GPIO.o
 .text.Gpio_writePort
                0x00000000        0x6 peripheral/GPIO/GPIO.o
 .text.Gpio_writePin
                0x00000000       0x34 peripheral/GPIO/GPIO.o
 .text.Gpio_readPort
                0x00000000        0x6 peripheral/GPIO/GPIO.o
 .text          0x00000000        0x0 peripheral/TIM/TIM.o
 .data          0x00000000        0x0 peripheral/TIM/TIM.o
 .bss           0x00000000        0x0 peripheral/TIM/TIM.o
 .text          0x00000000        0x0 c:/program files (x86)/atmel/studio/7.0/toolchain/avr8/avr8-gnu-toolchain/bin/../lib/gcc/avr/5.4.0/avr51\libgcc.a(_exit.o)
 .data          0x00000000        0x0 c:/program files (x86)/atmel/studio/7.0/toolchain/avr8/avr8-gnu-toolchain/bin/../lib/gcc/avr/5.4.0/avr51\libgcc.a(_exit.o)
 .bss           0x00000000        0x0 c:/program files (x86)/atmel/studio/7.0/toolchain/avr8/avr8-gnu-toolchain/bin/../lib/gcc/avr/5.4.0/avr51\libgcc.a(_exit.o)
 .text.libgcc.mul
                0x00000000        0x0 c:/program files (x86)/atmel/studio/7.0/toolchain/avr8/avr8-gnu-toolchain/bin/../lib/gcc/avr/5.4.0/avr51\libgcc.a(_exit.o)
 .text.libgcc.div
                0x00000000        0x0 c:/program files (x86)/atmel/studio/7.0/toolchain/avr8/avr8-gnu-toolchain/bin/../lib/gcc/avr/5.4.0/avr51\libgcc.a(_exit.o)
 .text.libgcc   0x00000000        0x0 c:/program files (x86)/atmel/studio/7.0/toolchain/avr8/avr8-gnu-toolchain/bin/../lib/gcc/avr/5.4.0/avr51\libgcc.a(_exit.o)
 .text.libgcc.prologue
                0x00000000        0x0 c:/program files (x86)/atmel/studio/7.0/toolchain/avr8/avr8-gnu-toolchain/bin/../lib/gcc/avr/5.4.0/avr51\libgcc.a(_exit.o)
 .text.libgcc.builtins
                0x00000000        0x0 c:/program files (x86)/atmel/studio/7.0/toolchain/avr8/avr8-gnu-toolchain/bin/../lib/gcc/avr/5.4.0/avr51\libgcc.a(_exit.o)
 .text.libgcc.fmul
                0x00000000        0x0 c:/program files (x86)/atmel/studio/7.0/toolchain/avr8/avr8-gnu-toolchain/bin/../lib/gcc/avr/5.4.0/avr51\libgcc.a(_exit.o)
 .text.libgcc.fixed
                0x00000000        0x0 c:/program files (x86)/atmel/studio/7.0/toolchain/avr8/avr8-gnu-toolchain/bin/../lib/gcc/avr/5.4.0/avr51\libgcc.a(_exit.o)
 .text          0x00000000        0x0 c:/program files (x86)/atmel/studio/7.0/toolchain/avr8/avr8-gnu-toolchain/bin/../lib/gcc/avr/5.4.0/avr51\libgcc.a(_copy_data.o)
 .data          0x00000000        0x0 c:/program files (x86)/atmel/studio/7.0/toolchain/avr8/avr8-gnu-toolchain/bin/../lib/gcc/avr/5.4.0/avr51\libgcc.a(_copy_data.o)
 .bss           0x00000000        0x0 c:/program files (x86)/atmel/studio/7.0/toolchain/avr8/avr8-gnu-toolchain/bin/../lib/gcc/avr/5.4.0/avr51\libgcc.a(_copy_data.o)
 .text.libgcc.mul
                0x00000000        0x0 c:/program files (x86)/atmel/studio/7.0/toolchain/avr8/avr8-gnu-toolchain/bin/../lib/gcc/avr/5.4.0/avr51\libgcc.a(_copy_data.o)
 .text.libgcc.div
                0x00000000        0x0 c:/program files (x86)/atmel/studio/7.0/toolchain/avr8/avr8-gnu-toolchain/bin/../lib/gcc/avr/5.4.0/avr51\libgcc.a(_copy_data.o)
 .text.libgcc   0x00000000        0x0 c:/program files (x86)/atmel/studio/7.0/toolchain/avr8/avr8-gnu-toolchain/bin/../lib/gcc/avr/5.4.0/avr51\libgcc.a(_copy_data.o)
 .text.libgcc.prologue
                0x00000000        0x0 c:/program files (x86)/atmel/studio/7.0/toolchain/avr8/avr8-gnu-toolchain/bin/../lib/gcc/avr/5.4.0/avr51\libgcc.a(_copy_data.o)
 .text.libgcc.builtins
                0x00000000        0x0 c:/program files (x86)/atmel/studio/7.0/toolchain/avr8/avr8-gnu-toolchain/bin/../lib/gcc/avr/5.4.0/avr51\libgcc.a(_copy_data.o)
 .text.libgcc.fmul
                0x00000000        0x0 c:/program files (x86)/atmel/studio/7.0/toolchain/avr8/avr8-gnu-toolchain/bin/../lib/gcc/avr/5.4.0/avr51\libgcc.a(_copy_data.o)
 .text.libgcc.fixed
                0x00000000        0x0 c:/program files (x86)/atmel/studio/7.0/toolchain/avr8/avr8-gnu-toolchain/bin/../lib/gcc/avr/5.4.0/avr51\libgcc.a(_copy_data.o)
 .text          0x00000000        0x0 c:/program files (x86)/atmel/studio/7.0/toolchain/avr8/avr8-gnu-toolchain/bin/../lib/gcc/avr/5.4.0/avr51\libgcc.a(_clear_bss.o)
 .data          0x00000000        0x0 c:/program files (x86)/atmel/studio/7.0/toolchain/avr8/avr8-gnu-toolchain/bin/../lib/gcc/avr/5.4.0/avr51\libgcc.a(_clear_bss.o)
 .bss           0x00000000        0x0 c:/program files (x86)/atmel/studio/7.0/toolchain/avr8/avr8-gnu-toolchain/bin/../lib/gcc/avr/5.4.0/avr51\libgcc.a(_clear_bss.o)
 .text.libgcc.mul
                0x00000000        0x0 c:/program files (x86)/atmel/studio/7.0/toolchain/avr8/avr8-gnu-toolchain/bin/../lib/gcc/avr/5.4.0/avr51\libgcc.a(_clear_bss.o)
 .text.libgcc.div
                0x00000000        0x0 c:/program files (x86)/atmel/studio/7.0/toolchain/avr8/avr8-gnu-toolchain/bin/../lib/gcc/avr/5.4.0/avr51\libgcc.a(_clear_bss.o)
 .text.libgcc   0x00000000        0x0 c:/program files (x86)/atmel/studio/7.0/toolchain/avr8/avr8-gnu-toolchain/bin/../lib/gcc/avr/5.4.0/avr51\libgcc.a(_clear_bss.o)
 .text.libgcc.prologue
                0x00000000        0x0 c:/program files (x86)/atmel/studio/7.0/toolchain/avr8/avr8-gnu-toolchain/bin/../lib/gcc/avr/5.4.0/avr51\libgcc.a(_clear_bss.o)
 .text.libgcc.builtins
                0x00000000        0x0 c:/program files (x86)/atmel/studio/7.0/toolchain/avr8/avr8-gnu-toolchain/bin/../lib/gcc/avr/5.4.0/avr51\libgcc.a(_clear_bss.o)
 .text.libgcc.fmul
                0x00000000        0x0 c:/program files (x86)/atmel/studio/7.0/toolchain/avr8/avr8-gnu-toolchain/bin/../lib/gcc/avr/5.4.0/avr51\libgcc.a(_clear_bss.o)
 .text.libgcc.fixed
                0x00000000        0x0 c:/program files (x86)/atmel/studio/7.0/toolchain/avr8/avr8-gnu-toolchain/bin/../lib/gcc/avr/5.4.0/avr51\libgcc.a(_clear_bss.o)
 .text          0x00000000        0x0 c:/program files (x86)/atmel/studio/7.0/toolchain/avr8/avr8-gnu-toolchain/bin/../lib/gcc/avr/5.4.0/avr51\libgcc.a(_umulhisi3.o)
 .data          0x00000000        0x0 c:/program files (x86)/atmel/studio/7.0/toolchain/avr8/avr8-gnu-toolchain/bin/../lib/gcc/avr/5.4.0/avr51\libgcc.a(_umulhisi3.o)
 .bss           0x00000000        0x0 c:/program files (x86)/atmel/studio/7.0/toolchain/avr8/avr8-gnu-toolchain/bin/../lib/gcc/avr/5.4.0/avr51\libgcc.a(_umulhisi3.o)
 .text.libgcc.div
                0x00000000        0x0 c:/program files (x86)/atmel/studio/7.0/toolchain/avr8/avr8-gnu-toolchain/bin/../lib/gcc/avr/5.4.0/avr51\libgcc.a(_umulhisi3.o)
 .text.libgcc   0x00000000        0x0 c:/program files (x86)/atmel/studio/7.0/toolchain/avr8/avr8-gnu-toolchain/bin/../lib/gcc/avr/5.4.0/avr51\libgcc.a(_umulhisi3.o)
 .text.libgcc.prologue
                0x00000000        0x0 c:/program files (x86)/atmel/studio/7.0/toolchain/avr8/avr8-gnu-toolchain/bin/../lib/gcc/avr/5.4.0/avr51\libgcc.a(_umulhisi3.o)
 .text.libgcc.builtins
                0x00000000        0x0 c:/program files (x86)/atmel/studio/7.0/toolchain/avr8/avr8-gnu-toolchain/bin/../lib/gcc/avr/5.4.0/avr51\libgcc.a(_umulhisi3.o)
 .text.libgcc.fmul
                0x00000000        0x0 c:/program files (x86)/atmel/studio/7.0/toolchain/avr8/avr8-gnu-toolchain/bin/../lib/gcc/avr/5.4.0/avr51\libgcc.a(_umulhisi3.o)
 .text.libgcc.fixed
                0x00000000        0x0 c:/program files (x86)/atmel/studio/7.0/toolchain/avr8/avr8-gnu-toolchain/bin/../lib/gcc/avr/5.4.0/avr51\libgcc.a(_umulhisi3.o)

Memory Configuration

Name             Origin             Length             Attributes
text             0x00000000         0x00020000         xr
data             0x00800100         0x00001000         rw !x
eeprom           0x00810000         0x00001000         rw !x
fuse             0x00820000         0x00000003         rw !x
lock             0x00830000         0x00000400         rw !x
signature        0x00840000         0x00000400         rw !x
user_signatures  0x00850000         0x00000400         rw !x
*default*        0x00000000         0xffffffff

Linker script and memory map

Address of section .data set to 0x800100
LOAD C:/Program Files (x86)/Atmel/Studio/7.0/Packs/atmel/ATmega_DFP/1.7.374/gcc/dev/atmega128a/avr51/crtatmega128a.o
LOAD ap/stopwatch.o
LOAD common/TimeTick/TimeTick.o
LOAD driver/Button/Button.o
LOAD driver/FND/FND.o
LOAD main.o
LOAD peripheral/GPIO/GPIO.o
LOAD peripheral/TIM/TIM.o
START GROUP
LOAD c:/program files (x86)/atmel/studio/7.0/toolchain/avr8/avr8-gnu-toolchain/bin/../lib/gcc/avr/5.4.0/../../../../avr/lib/avr51\libm.a
END GROUP
START GROUP
LOAD c:/program files (x86)/atmel/studio/7.0/toolchain/avr8/avr8-gnu-toolchain/bin/../lib/gcc/avr/5.4.0/avr51\libgcc.a
LOAD c:/program files (x86)/atmel/studio/7.0/toolchain/avr8/avr8-gnu-toolchain/bin/../lib/gcc/avr/5.4.0/../../../../avr/lib/avr51\libm.a
LOAD c:/program files (x86)/atmel/studio/7.0/toolchain/avr8/avr8-gnu-toolchain/bin/../lib/gcc/avr/5.4.0/../../../../avr/lib/avr51\libc.a
LOAD C:/Program Files (x86)/Atmel/Studio/7.0/Packs/atmel/ATmega_DFP/1.7.374/gcc/dev/atmega128a/avr51\libatmega128a.a
END GROUP
                [0x00000000]                __TEXT_REGION_ORIGIN__ = DEFINED (__TEXT_REGION_ORIGIN__)?__TEXT_REGION_ORIGIN__:0x0
                [0x00800100]                __DATA_REGION_ORIGIN__ = DEFINED (__DATA_REGION_ORIGIN__)?__DATA_REGION_ORIGIN__:0x800100
                [0x00020000]                __TEXT_REGION_LENGTH__ = DEFINED (__TEXT_REGION_LENGTH__)?__TEXT_REGION_LENGTH__:0x20000
                [0x00001000]                __DATA_REGION_LENGTH__ = DEFINED (__DATA_REGION_LENGTH__)?__DATA_REGION_LENGTH__:0xff00
                [0x00001000]                __EEPROM_REGION_LENGTH__ = DEFINED (__EEPROM_REGION_LENGTH__)?__EEPROM_REGION_LENGTH__:0x10000
                [0x00000003]                __FUSE_REGION_LENGTH__ = DEFINED (__FUSE_REGION_LENGTH__)?__FUSE_REGION_LENGTH__:0x400
                0x00000400                __LOCK_REGION_LENGTH__ = DEFINED (__LOCK_REGION_LENGTH__)?__LOCK_REGION_LENGTH__:0x400
                0x00000400                __SIGNATURE_REGION_LENGTH__ = DEFINED (__SIGNATURE_REGION_LENGTH__)?__SIGNATURE_REGION_LENGTH__:0x400
                0x00000400                __USER_SIGNATURE_REGION_LENGTH__ = DEFINED (__USER_SIGNATURE_REGION_LENGTH__)?__USER_SIGNATURE_REGION_LENGTH__:0x400

.hash
 *(.hash)

.dynsym
 *(.dynsym)

.dynstr
 *(.dynstr)

.gnu.version
 *(.gnu.version)

.gnu.version_d
 *(.gnu.version_d)

.gnu.version_r
 *(.gnu.version_r)

.rel.init
 *(.rel.init)

.rela.init
 *(.rela.init)

.rel.text
 *(.rel.text)
 *(.rel.text.*)
 *(.rel.gnu.linkonce.t*)

.rela.text
 *(.rela.text)
 *(.rela.text.*)
 *(.rela.gnu.linkonce.t*)

.rel.fini
 *(.rel.fini)

.rela.fini
 *(.rela.fini)

.rel.rodata
 *(.rel.rodata)
 *(.rel.rodata.*)
 *(.rel.gnu.linkonce.r*)

.rela.rodata
 *(.rela.rodata)
 *(.rela.rodata.*)
 *(.rela.gnu.linkonce.r*)

.rel.data
 *(.rel.data)
 *(.rel.data.*)
 *(.rel.gnu.linkonce.d*)

.rela.data
 *(.rela.data)
 *(.rela.data.*)
 *(.rela.gnu.linkonce.d*)

.rel.ctors
 *(.rel.ctors)

.rela.ctors
 *(.rela.ctors)

.rel.dtors
 *(.rel.dtors)

.rela.dtors
 *(.rela.dtors)

.rel.got
 *(.rel.got)

.rela.got
 *(.rela.got)

.rel.bss
 *(.rel.bss)

.rela.bss
 *(.rela.bss)

.rel.plt
 *(.rel.plt)

.rela.plt
 *(.rela.plt)

.text           0x00000000      0x53a
 *(.vectors)
 .vectors       0x00000000       0x8c C:/Program Files (x86)/Atmel/Studio/7.0/Packs/atmel/ATmega_DFP/1.7.374/gcc/dev/atmega128a/avr51/crtatmega128a.o
                0x00000000                __vector_default
                0x00000000                __vectors
 *(.vectors)
 *(.progmem.gcc*)
                0x0000008c                . = ALIGN (0x2)
                0x0000008c                __trampolines_start = .
 *(.trampolines)
 .trampolines   0x0000008c        0x0 linker stubs
 *(.trampolines*)
                0x0000008c                __trampolines_end = .
 *libprintf_flt.a:*(.progmem.data)
 *libc.a:*(.progmem.data)
 *(.progmem*)
                0x0000008c                . = ALIGN (0x2)
 *(.jumptables)
 *(.jumptables*)
 *(.lowtext)
 *(.lowtext*)
                0x0000008c                __ctors_start = .
 *(.ctors)
                0x0000008c                __ctors_end = .
                0x0000008c                __dtors_start = .
 *(.dtors)
                0x0000008c                __dtors_end = .
 SORT(*)(.ctors)
 SORT(*)(.dtors)
 *(.init0)
 .init0         0x0000008c        0x0 C:/Program Files (x86)/Atmel/Studio/7.0/Packs/atmel/ATmega_DFP/1.7.374/gcc/dev/atmega128a/avr51/crtatmega128a.o
                0x0000008c                __init
 *(.init0)
 *(.init1)
 *(.init1)
 *(.init2)
 .init2         0x0000008c        0xc C:/Program Files (x86)/Atmel/Studio/7.0/Packs/atmel/ATmega_DFP/1.7.374/gcc/dev/atmega128a/avr51/crtatmega128a.o
 *(.init2)
 *(.init3)
 *(.init3)
 *(.init4)
 .init4         0x00000098       0x1a c:/program files (x86)/atmel/studio/7.0/toolchain/avr8/avr8-gnu-toolchain/bin/../lib/gcc/avr/5.4.0/avr51\libgcc.a(_copy_data.o)
                0x00000098                __do_copy_data
 .init4         0x000000b2       0x10 c:/program files (x86)/atmel/studio/7.0/toolchain/avr8/avr8-gnu-toolchain/bin/../lib/gcc/avr/5.4.0/avr51\libgcc.a(_clear_bss.o)
                0x000000b2                __do_clear_bss
 *(.init4)
 *(.init5)
 *(.init5)
 *(.init6)
 *(.init6)
 *(.init7)
 *(.init7)
 *(.init8)
 *(.init8)
 *(.init9)
 .init9         0x000000c2        0x4 C:/Program Files (x86)/Atmel/Studio/7.0/Packs/atmel/ATmega_DFP/1.7.374/gcc/dev/atmega128a/avr51/crtatmega128a.o
 *(.init9)
 *(.text)
 .text          0x000000c6        0x2 C:/Program Files (x86)/Atmel/Studio/7.0/Packs/atmel/ATmega_DFP/1.7.374/gcc/dev/atmega128a/avr51/crtatmega128a.o
                0x000000c6                __vector_22
                0x000000c6                __vector_28
                0x000000c6                __vector_1
                0x000000c6                __vector_32
                0x000000c6                __vector_34
                0x000000c6                __vector_24
                0x000000c6                __vector_12
                0x000000c6                __bad_interrupt
                0x000000c6                __vector_6
                0x000000c6                __vector_31
                0x000000c6                __vector_3
                0x000000c6                __vector_23
                0x000000c6                __vector_30
                0x000000c6                __vector_25
                0x000000c6                __vector_11
                0x000000c6                __vector_13
                0x000000c6                __vector_17
                0x000000c6                __vector_19
                0x000000c6                __vector_7
                0x000000c6                __vector_27
                0x000000c6                __vector_5
                0x000000c6                __vector_33
                0x000000c6                __vector_4
                0x000000c6                __vector_9
                0x000000c6                __vector_2
                0x000000c6                __vector_21
                0x000000c6                __vector_15
                0x000000c6                __vector_29
                0x000000c6                __vector_8
                0x000000c6                __vector_26
                0x000000c6                __vector_14
                0x000000c6                __vector_10
                0x000000c6                __vector_18
                0x000000c6                __vector_20
                0x000000c8                . = ALIGN (0x2)
 *(.text.*)
 .text.incTick  0x000000c8       0x28 common/TimeTick/TimeTick.o
                0x000000c8                incTick
 .text.getTick  0x000000f0       0x12 common/TimeTick/TimeTick.o
                0x000000f0                getTick
 .text.Button_init
                0x00000102       0x1e driver/Button/Button.o
                0x00000102                Button_init
 .text.Button_GetState
                0x00000120       0x56 driver/Button/Button.o
                0x00000120                Button_GetState
 .text.FND_init
                0x00000176        0xa driver/FND/FND.o
                0x00000176                FND_init
 .text.FND_dispNum
                0x00000180      0x1e6 driver/FND/FND.o
                0x00000180                FND_dispNum
 .text.FND_setfndData
                0x00000366        0xa driver/FND/FND.o
                0x00000366                FND_setfndData
 .text.FND_ISR_Process
                0x00000370        0xc driver/FND/FND.o
                0x00000370                FND_ISR_Process
 .text.__vector_16
                0x0000037c       0x54 main.o
                0x0000037c                __vector_16
 .text.main     0x000003d0       0xe8 main.o
                0x000003d0                main
 .text.Gpio_initPin
                0x000004b8       0x3a peripheral/GPIO/GPIO.o
                0x000004b8                Gpio_initPin
 .text.Gpio_readPin
                0x000004f2       0x14 peripheral/GPIO/GPIO.o
                0x000004f2                Gpio_readPin
 .text.TIM0_OVF_init
                0x00000506       0x12 peripheral/TIM/TIM.o
                0x00000506                TIM0_OVF_init
 .text.libgcc.mul
                0x00000518       0x1e c:/program files (x86)/atmel/studio/7.0/toolchain/avr8/avr8-gnu-toolchain/bin/../lib/gcc/avr/5.4.0/avr51\libgcc.a(_umulhisi3.o)
                0x00000518                __umulhisi3
                0x00000536                . = ALIGN (0x2)
 *(.fini9)
 .fini9         0x00000536        0x0 c:/program files (x86)/atmel/studio/7.0/toolchain/avr8/avr8-gnu-toolchain/bin/../lib/gcc/avr/5.4.0/avr51\libgcc.a(_exit.o)
                0x00000536                _exit
                0x00000536                exit
 *(.fini9)
 *(.fini8)
 *(.fini8)
 *(.fini7)
 *(.fini7)
 *(.fini6)
 *(.fini6)
 *(.fini5)
 *(.fini5)
 *(.fini4)
 *(.fini4)
 *(.fini3)
 *(.fini3)
 *(.fini2)
 *(.fini2)
 *(.fini1)
 *(.fini1)
 *(.fini0)
 .fini0         0x00000536        0x4 c:/program files (x86)/atmel/studio/7.0/toolchain/avr8/avr8-gnu-toolchain/bin/../lib/gcc/avr/5.4.0/avr51\libgcc.a(_exit.o)
 *(.fini0)
                0x0000053a                _etext = .

.data           0x00800100        0xa load address 0x0000053a
                0x00800100                PROVIDE (__data_start, .)
 *(.data)
 *(.data*)
 *(.gnu.linkonce.d*)
 *(.rodata)
 .rodata        0x00800100        0xa driver/FND/FND.o
 *(.rodata*)
 *(.gnu.linkonce.r*)
                0x0080010a                . = ALIGN (0x2)
                0x0080010a                _edata = .
                0x0080010a                PROVIDE (__data_end, .)

.bss            0x0080010a        0x7
                0x0080010a                PROVIDE (__bss_start, .)
 *(.bss)
 *(.bss*)
 .bss.timeTick  0x0080010a        0x4 common/TimeTick/TimeTick.o
                0x0080010a                timeTick
 .bss.findDigitState.1741
                0x0080010e        0x1 driver/FND/FND.o
 .bss.fndData   0x0080010f        0x2 driver/FND/FND.o
                0x0080010f                fndData
 *(COMMON)
                0x00800111                PROVIDE (__bss_end, .)
                0x0000053a                __data_load_start = LOADADDR (.data)
                0x00000544                __data_load_end = (__data_load_start + SIZEOF (.data))

.noinit         0x00800111        0x0
                [!provide]                PROVIDE (__noinit_start, .)
 *(.noinit*)
                [!provide]                PROVIDE (__noinit_end, .)
                0x00800111                _end = .
                [!provide]                PROVIDE (__heap_start, .)

.eeprom         0x00810000        0x0
 *(.eeprom*)
                0x00810000                __eeprom_end = .

.fuse
 *(.fuse)
 *(.lfuse)
 *(.hfuse)
 *(.efuse)

.lock
 *(.lock*)

.signature
 *(.signature*)

.user_signatures
 *(.user_signatures*)

.stab
 *(.stab)

.stabstr
 *(.stabstr)

.stab.excl
 *(.stab.excl)

.stab.exclstr
 *(.stab.exclstr)

.stab.index
 *(.stab.index)

.stab.indexstr
 *(.stab.indexstr)

.comment        0x00000000       0x30
 *(.comment)
 .comment       0x00000000       0x30 common/TimeTick/TimeTick.o
                                 0x31 (size before relaxing)
 .comment       0x00000030       0x31 driver/Button/Button.o
 .comment       0x00000030       0x31 driver/FND/FND.o
 .comment       0x00000030       0x31 main.o
 .comment       0x00000030       0x31 peripheral/GPIO/GPIO.o
 .comment       0x00000030       0x31 peripheral/TIM/TIM.o

.note.gnu.avr.deviceinfo
                0x00000000       0x40
 .note.gnu.avr.deviceinfo
                0x00000000       0x40 C:/Program Files (x86)/Atmel/Studio/7.0/Packs/atmel/ATmega_DFP/1.7.374/gcc/dev/atmega128a/avr51/crtatmega128a.o

.note.gnu.build-id
 *(.note.gnu.build-id)

.debug
 *(.debug)

.line
 *(.line)

.debug_srcinfo
 *(.debug_srcinfo)

.debug_sfnames
 *(.debug_sfnames)

.debug_aranges  0x00000000      0x120
 *(.debug_aranges)
 .debug_aranges
                0x00000000       0x30 common/TimeTick/TimeTick.o
 .debug_aranges
                0x00000030       0x28 driver/Button/Button.o
 .debug_aranges
                0x00000058       0x38 driver/FND/FND.o
 .debug_aranges
                0x00000090       0x28 main.o
 .debug_aranges
                0x000000b8       0x48 peripheral/GPIO/GPIO.o
 .debug_aranges
                0x00000100       0x20 peripheral/TIM/TIM.o

.debug_pubnames
 *(.debug_pubnames)

.debug_info     0x00000000     0x1260
 *(.debug_info .gnu.linkonce.wi.*)
 .debug_info    0x00000000      0x780 C:/Program Files (x86)/Atmel/Studio/7.0/Packs/atmel/ATmega_DFP/1.7.374/gcc/dev/atmega128a/avr51/crtatmega128a.o
 .debug_info    0x00000780       0xc2 common/TimeTick/TimeTick.o
 .debug_info    0x00000842      0x2c0 driver/Button/Button.o
 .debug_info    0x00000b02      0x14f driver/FND/FND.o
 .debug_info    0x00000c51      0x382 main.o
 .debug_info    0x00000fd3      0x20b peripheral/GPIO/GPIO.o
 .debug_info    0x000011de       0x82 peripheral/TIM/TIM.o

.debug_abbrev   0x00000000      0xc96
 *(.debug_abbrev)
 .debug_abbrev  0x00000000      0x718 C:/Program Files (x86)/Atmel/Studio/7.0/Packs/atmel/ATmega_DFP/1.7.374/gcc/dev/atmega128a/avr51/crtatmega128a.o
 .debug_abbrev  0x00000718       0x78 common/TimeTick/TimeTick.o
 .debug_abbrev  0x00000790      0x1a5 driver/Button/Button.o
 .debug_abbrev  0x00000935       0xf6 driver/FND/FND.o
 .debug_abbrev  0x00000a2b      0x12f main.o
 .debug_abbrev  0x00000b5a       0xed peripheral/GPIO/GPIO.o
 .debug_abbrev  0x00000c47       0x4f peripheral/TIM/TIM.o

.debug_line     0x00000000      0x93e
 *(.debug_line .debug_line.* .debug_line_end)
 .debug_line    0x00000000      0x16a C:/Program Files (x86)/Atmel/Studio/7.0/Packs/atmel/ATmega_DFP/1.7.374/gcc/dev/atmega128a/avr51/crtatmega128a.o
 .debug_line    0x0000016a       0xe3 common/TimeTick/TimeTick.o
 .debug_line    0x0000024d      0x1ad driver/Button/Button.o
 .debug_line    0x000003fa      0x149 driver/FND/FND.o
 .debug_line    0x00000543      0x1ef main.o
 .debug_line    0x00000732      0x155 peripheral/GPIO/GPIO.o
 .debug_line    0x00000887       0xb7 peripheral/TIM/TIM.o

.debug_frame    0x00000000      0x20c
 *(.debug_frame)
 .debug_frame   0x00000000       0x44 common/TimeTick/TimeTick.o
 .debug_frame   0x00000044       0x40 driver/Button/Button.o
 .debug_frame   0x00000084       0x64 driver/FND/FND.o
 .debug_frame   0x000000e8       0x8c main.o
 .debug_frame   0x00000174       0x74 peripheral/GPIO/GPIO.o
 .debug_frame   0x000001e8       0x24 peripheral/TIM/TIM.o

.debug_str      0x00000000      0x639
 *(.debug_str)
 .debug_str     0x00000000      0x27d C:/Program Files (x86)/Atmel/Studio/7.0/Packs/atmel/ATmega_DFP/1.7.374/gcc/dev/atmega128a/avr51/crtatmega128a.o
 .debug_str     0x0000027d      0x164 common/TimeTick/TimeTick.o
                                0x198 (size before relaxing)
 .debug_str     0x000003e1       0xe6 driver/Button/Button.o
                                0x24d (size before relaxing)
 .debug_str     0x000004c7       0x7d driver/FND/FND.o
                                0x1db (size before relaxing)
 .debug_str     0x00000544       0x64 main.o
                                0x269 (size before relaxing)
 .debug_str     0x000005a8       0x79 peripheral/GPIO/GPIO.o
                                0x1fb (size before relaxing)
 .debug_str     0x00000621       0x18 peripheral/TIM/TIM.o
                                0x17c (size before relaxing)

.debug_loc      0x00000000      0x52d
 *(.debug_loc)
 .debug_loc     0x00000000      0x1ce driver/Button/Button.o
 .debug_loc     0x000001ce       0xe7 driver/FND/FND.o
 .debug_loc     0x000002b5      0x1a8 main.o
 .debug_loc     0x0000045d       0xd0 peripheral/GPIO/GPIO.o

.debug_macinfo
 *(.debug_macinfo)

.debug_weaknames
 *(.debug_weaknames)

.debug_funcnames
 *(.debug_funcnames)

.debug_typenames
 *(.debug_typenames)

.debug_varnames
 *(.debug_varnames)

.debug_pubtypes
 *(.debug_pubtypes)

.debug_ranges   0x00000000       0xc0
 *(.debug_ranges)
 .debug_ranges  0x00000000       0x20 common/TimeTick/TimeTick.o
 .debug_ranges  0x00000020       0x18 driver/Button/Button.o
 .debug_ranges  0x00000038       0x28 driver/FND/FND.o
 .debug_ranges  0x00000060       0x18 main.o
 .debug_ranges  0x00000078       0x38 peripheral/GPIO/GPIO.o
 .debug_ranges  0x000000b0       0x10 peripheral/TIM/TIM.o

.debug_macro
 *(.debug_macro)
OUTPUT(FND_driver.elf elf32-avr)
LOAD linker stubs
